=== Project scope lock ===
canonical repository: kaillebidan-byte/WanderingSword
requested repository: kaillebidan-byte/WanderingSword
OK: external repository scope is locked to WanderingSword
=== Operation mode ===
execution mode: always_public_full_pipeline
declared state: translation_frozen
repository visibility: public
effective state: public_ci_window
CI train: yuwen-mowen-train-22 / ready_for_public_ci / transport=ready_for_public_ci
finalization: phase2
OK WINDOW: translation remains frozen; run CI and integration only
OK: operation mode and CI train contract are structurally valid
=== Release state JSON integrity ===
OK: strict UTF-8 JSON and referenced release files are readable
=== Project scope lock ===
canonical repository: kaillebidan-byte/WanderingSword
requested repository: kaillebidan-byte/WanderingSword
OK: external repository scope is locked to WanderingSword
=== Regulated phase completion signal ===
active phase: quality_reaudit
signal authorized: False
OK: regulated phase marker requires an authorized terminal phase state
=== Private translation wave ===
train: yuwen-mowen-train-22
stage: translation_frozen
wave: yuwen-mowen-train-22-wave-01
queue: sealed
transport: ready_for_public_ci
translation judgment: False
OK: wave stages, translation freeze, and CI transport are separated
=== Autonomous visibility cycle ===
execution mode: always_public_full_pipeline
status: running
checkpoint: ready_for_public_ci
continuation required: True
OK: cycle mode, completion and pause semantics are deterministic
OK: _phase4_proofread/CANDIDATE_YUWEN_MOWEN_SCENE32025_1_2026-07-28.json
OK: _phase4_proofread/CANDIDATE_YUWEN_MOWEN_SCENES32007_1_32004_1_2026-07-28.json
OK: _phase4_proofread/CANDIDATE_YUWEN_MOWEN_SCENES32001_2_32001_5_30821_1_2026-07-28.json
OK: _phase4_proofread/CANDIDATE_YUWEN_MOWEN_SCENES24221_2_24221_3_24221_5_24221_6_2026-07-28.json
OK: _phase4_proofread/CANDIDATE_YUWEN_MOWEN_SCENES24223_3_24230_1_24232_3_2026-07-28.json
candidate ownership: checked=5, legacy_skipped=0, live_drifted=0, errors=0
OK: owner assignment plan, owner files, candidate inputs, and state counts are sealed
=== Private fix integrity ===
base ref: 556f5b040694876073ea14383ad246d9381a67eb
base unique owners: 1682
current unique owners: 1704
release-base translation keys: 1704
audited candidate keys: 58
fix structure: checked=1704 pending=22 applied=1682
OK: owner history, audited translation scope, and control-token structure are intact
=== CI train phase2-compatible wave manifest ===
train: yuwen-mowen-train-22
branch: agent/yuwen-mowen-train-22
status: ready_for_public_ci
transport: ready_for_public_ci
totals: 5 bundle(s), 58 row(s), 22 fix key(s)
release ready: True
release reasons: bundle_count, reviewed_rows, fix_keys
OK: wave manifest is structurally valid, including keep-only formal bundles
=== Minimal next-wave reservation ===
pair: 宇文逸↔莫問
checkpoint batch: 135
reserved scenes: 24341_2
OK: minimal reservation is transport-safe; preparation detail remains private
=== Batch planning ===
minimal reservation: detailed batching is deferred to private preparation
OK: reservation or detailed batching rationale is valid
=== Translation quality gate ===
train: yuwen-mowen-train-22
objective: repair_substantive_translation_defects
unique rows: 58
reviewed keys: 58
unique fixes: 22
fix keys: 22
low yield: False
private stage: translation_frozen
OK: translation quality and private-stage separation are complete
=== Release transport state ===
OK: pre-Apply transport state is complete
OK: state JSON integrity rejects transfer corruption and non-object roots
test_check_project_scope_lock: OK
test_check_phase_completion_signal: OK
test_reconcile_merged_cycle: OK
OK: candidate ownership tests
...
----------------------------------------------------------------------
Ran 3 tests in 0.007s

OK
test_check_fix_owner_delta: OK
OK: minimal reservation excludes preparation detail and detects stale checkpoints
OK: pre-Apply transport check allows unfinished release evidence and rejects state drift
test_check_autonomous_cycle: OK
test_select_cycle_execution_mode: OK
OK: applied record is generated from manifest and measured owner counts
OK: release reruns stay bounded and merged transport state is reconciled without translation writes
test_check_operation_mode: OK
test_check_private_translation_stage: OK
test_check_ci_train_manifest: OK
test_check_next_task_packet_ownership: OK
test_check_batch_planning: OK
test_check_private_translation_stage: OK
test_check_translation_quality_gate: OK

=== check_project_scope_lock.py --repository kaillebidan-byte/WanderingSword ===

=== check_operation_mode.py --repository-visibility public ===

=== check_state_json_integrity.py ===

=== check_project_scope_lock.py ===

=== check_phase_completion_signal.py ===

=== check_private_translation_stage.py ===

=== check_autonomous_cycle.py ===

=== check_candidate_ownership.py --release-live ===

=== check_owner_assignment_result.py ===

=== check_fix_owner_delta.py ===

=== check_ci_train_manifest_v2.py ===

=== check_next_task_packet.py --allow-pending ===

=== check_batch_planning.py ===

=== check_translation_quality_gate.py ===

=== check_release_transport_state.py ===

=== test_check_state_json_integrity.py ===

=== test_check_project_scope_lock.py ===

=== test_check_phase_completion_signal.py ===

=== test_reconcile_merged_cycle.py ===

=== test_check_candidate_ownership.py ===

=== test_apply_owner_assignment.py ===

=== test_check_fix_owner_delta.py ===

=== test_check_next_task_packet_minimal.py ===

=== test_check_release_transport_state.py ===

=== test_check_autonomous_cycle.py ===

=== test_select_cycle_execution_mode.py ===

=== test_write_applied_record.py ===

=== test_release_ci_triggers.py ===

=== test_check_operation_mode.py ===

=== test_check_private_translation_stage.py ===

=== test_check_ci_train_manifest.py ===

=== test_check_next_task_packet_ownership.py ===

=== test_check_batch_planning.py ===

=== test_check_translation_quality_gate.py ===

Release preflight used live owner measurement and sealed owner-assignment evidence.
Stored candidate ownership snapshots remain immutable pre-quality-audit records.
External repository scope is locked to kaillebidan-byte/WanderingSword.
Regulated phase marker requires an authorized terminal phase state.
Cycle execution mode is valid for repository visibility public.

OK: pre-Apply release preflight passed for public
